[
    {
        "check_type": "terraform",
        "results": {
            "failed_checks": [
                {
                    "check_id": "CKV_AWS_260",
                    "bc_check_id": "BC_AWS_NETWORKING_67",
                    "check_name": "Ensure no security groups allow ingress from 0.0.0.0:0 to port 80",
                    "check_result": {
                        "result": "FAILED",
                        "evaluated_keys": [
                            "ingress/[0]/from_port",
                            "ingress/[0]/to_port",
                            "ingress/[0]/cidr_blocks",
                            "ingress/[0]/ipv6_cidr_blocks"
                        ]
                    },
                    "code_block": [
                        [
                            16,
                            "resource \"aws_security_group\" \"this\" {\n"
                        ],
                        [
                            17,
                            "  name        = local.sg_name\n"
                        ],
                        [
                            18,
                            "  description = \"Security group \"\n"
                        ],
                        [
                            19,
                            "  vpc_id      = local.aws_vpc_id\n"
                        ],
                        [
                            20,
                            "\n"
                        ],
                        [
                            21,
                            "  ingress {\n"
                        ],
                        [
                            22,
                            "    description = \"Ingress from VPC\"\n"
                        ],
                        [
                            23,
                            "    from_port   = local.from_port\n"
                        ],
                        [
                            24,
                            "    to_port     = local.to_port\n"
                        ],
                        [
                            25,
                            "    protocol    = \"tcp\"\n"
                        ],
                        [
                            26,
                            "    cidr_blocks = local.cidr_block\n"
                        ],
                        [
                            27,
                            "  }\n"
                        ],
                        [
                            28,
                            "\n"
                        ],
                        [
                            29,
                            "  egress {\n"
                        ],
                        [
                            30,
                            "    from_port   = 0\n"
                        ],
                        [
                            31,
                            "    to_port     = 0\n"
                        ],
                        [
                            32,
                            "    protocol    = \"-1\"\n"
                        ],
                        [
                            33,
                            "    cidr_blocks = [\"0.0.0.0/0\"]\n"
                        ],
                        [
                            34,
                            "  }\n"
                        ],
                        [
                            35,
                            "\n"
                        ],
                        [
                            36,
                            "}\n"
                        ]
                    ],
                    "file_path": "/Testing_Script.tf",
                    "file_abs_path": "/github/workspace/Testing_Script.tf",
                    "repo_file_path": "/Testing_Script.tf",
                    "file_line_range": [
                        16,
                        36
                    ],
                    "resource": "aws_security_group.this",
                    "evaluations": null,
                    "check_class": "checkov.terraform.checks.resource.aws.SecurityGroupUnrestrictedIngress80",
                    "fixed_definition": null,
                    "entity_tags": null,
                    "caller_file_path": null,
                    "caller_file_line_range": null,
                    "resource_address": null,
                    "severity": null,
                    "bc_category": null,
                    "benchmarks": null,
                    "description": null,
                    "short_description": null,
                    "vulnerability_details": null,
                    "connected_node": null,
                    "guideline": "https://docs.prismacloud.io/en/enterprise-edition/policy-reference/aws-policies/aws-networking-policies/ensure-aws-security-groups-do-not-allow-ingress-from-00000-to-port-80",
                    "details": [],
                    "check_len": null,
                    "definition_context_file_path": "/github/workspace/Testing_Script.tf",
                    "breadcrumbs": {
                        "vpc_id": [
                            {
                                "type": "locals",
                                "name": "aws_vpc_id",
                                "path": "/github/workspace/Testing_Script.tf",
                                "module_connection": false
                            }
                        ],
                        "ingress.cidr_blocks": [
                            {
                                "type": "locals",
                                "name": "cidr_block",
                                "path": "/github/workspace/Testing_Script.tf",
                                "module_connection": false
                            }
                        ],
                        "ingress.from_port": [
                            {
                                "type": "locals",
                                "name": "from_port",
                                "path": "/github/workspace/Testing_Script.tf",
                                "module_connection": false
                            }
                        ],
                        "name": [
                            {
                                "type": "locals",
                                "name": "sg_name",
                                "path": "/github/workspace/Testing_Script.tf",
                                "module_connection": false
                            }
                        ],
                        "ingress.to_port": [
                            {
                                "type": "locals",
                                "name": "to_port",
                                "path": "/github/workspace/Testing_Script.tf",
                                "module_connection": false
                            }
                        ]
                    }
                },
                {
                    "check_id": "CKV_AWS_23",
                    "bc_check_id": "BC_AWS_NETWORKING_31",
                    "check_name": "Ensure every security groups rule has a description",
                    "check_result": {
                        "result": "FAILED",
                        "evaluated_keys": [
                            "description",
                            "egress/[0]"
                        ]
                    },
                    "code_block": [
                        [
                            16,
                            "resource \"aws_security_group\" \"this\" {\n"
                        ],
                        [
                            17,
                            "  name        = local.sg_name\n"
                        ],
                        [
                            18,
                            "  description = \"Security group \"\n"
                        ],
                        [
                            19,
                            "  vpc_id      = local.aws_vpc_id\n"
                        ],
                        [
                            20,
                            "\n"
                        ],
                        [
                            21,
                            "  ingress {\n"
                        ],
                        [
                            22,
                            "    description = \"Ingress from VPC\"\n"
                        ],
                        [
                            23,
                            "    from_port   = local.from_port\n"
                        ],
                        [
                            24,
                            "    to_port     = local.to_port\n"
                        ],
                        [
                            25,
                            "    protocol    = \"tcp\"\n"
                        ],
                        [
                            26,
                            "    cidr_blocks = local.cidr_block\n"
                        ],
                        [
                            27,
                            "  }\n"
                        ],
                        [
                            28,
                            "\n"
                        ],
                        [
                            29,
                            "  egress {\n"
                        ],
                        [
                            30,
                            "    from_port   = 0\n"
                        ],
                        [
                            31,
                            "    to_port     = 0\n"
                        ],
                        [
                            32,
                            "    protocol    = \"-1\"\n"
                        ],
                        [
                            33,
                            "    cidr_blocks = [\"0.0.0.0/0\"]\n"
                        ],
                        [
                            34,
                            "  }\n"
                        ],
                        [
                            35,
                            "\n"
                        ],
                        [
                            36,
                            "}\n"
                        ]
                    ],
                    "file_path": "/Testing_Script.tf",
                    "file_abs_path": "/github/workspace/Testing_Script.tf",
                    "repo_file_path": "/Testing_Script.tf",
                    "file_line_range": [
                        16,
                        36
                    ],
                    "resource": "aws_security_group.this",
                    "evaluations": null,
                    "check_class": "checkov.terraform.checks.resource.aws.SecurityGroupRuleDescription",
                    "fixed_definition": null,
                    "entity_tags": null,
                    "caller_file_path": null,
                    "caller_file_line_range": null,
                    "resource_address": null,
                    "severity": null,
                    "bc_category": null,
                    "benchmarks": null,
                    "description": null,
                    "short_description": null,
                    "vulnerability_details": null,
                    "connected_node": null,
                    "guideline": "https://docs.prismacloud.io/en/enterprise-edition/policy-reference/aws-policies/aws-networking-policies/networking-31",
                    "details": [],
                    "check_len": null,
                    "definition_context_file_path": "/github/workspace/Testing_Script.tf",
                    "breadcrumbs": {
                        "vpc_id": [
                            {
                                "type": "locals",
                                "name": "aws_vpc_id",
                                "path": "/github/workspace/Testing_Script.tf",
                                "module_connection": false
                            }
                        ],
                        "ingress.cidr_blocks": [
                            {
                                "type": "locals",
                                "name": "cidr_block",
                                "path": "/github/workspace/Testing_Script.tf",
                                "module_connection": false
                            }
                        ],
                        "ingress.from_port": [
                            {
                                "type": "locals",
                                "name": "from_port",
                                "path": "/github/workspace/Testing_Script.tf",
                                "module_connection": false
                            }
                        ],
                        "name": [
                            {
                                "type": "locals",
                                "name": "sg_name",
                                "path": "/github/workspace/Testing_Script.tf",
                                "module_connection": false
                            }
                        ],
                        "ingress.to_port": [
                            {
                                "type": "locals",
                                "name": "to_port",
                                "path": "/github/workspace/Testing_Script.tf",
                                "module_connection": false
                            }
                        ]
                    }
                },
                {
                    "check_id": "CKV2_AWS_5",
                    "bc_check_id": "BC_AWS_NETWORKING_51",
                    "check_name": "Ensure that Security Groups are attached to another resource",
                    "check_result": {
                        "result": "FAILED",
                        "entity": {
                            "aws_security_group": {
                                "this": {
                                    "__end_line__": 36,
                                    "__start_line__": 16,
                                    "description": [
                                        "Security group "
                                    ],
                                    "egress": [
                                        {
                                            "cidr_blocks": [
                                                [
                                                    "0.0.0.0/0"
                                                ]
                                            ],
                                            "from_port": [
                                                0
                                            ],
                                            "protocol": [
                                                "-1"
                                            ],
                                            "to_port": [
                                                0
                                            ]
                                        }
                                    ],
                                    "ingress": [
                                        {
                                            "cidr_blocks": [
                                                "0.0.0.0/0"
                                            ],
                                            "description": [
                                                "Ingress from VPC"
                                            ],
                                            "from_port": [
                                                80
                                            ],
                                            "protocol": [
                                                "tcp"
                                            ],
                                            "to_port": [
                                                80
                                            ]
                                        }
                                    ],
                                    "name": [
                                        "checkov-test"
                                    ],
                                    "vpc_id": [
                                        "vpc-#####"
                                    ],
                                    "__address__": "aws_security_group.this"
                                }
                            }
                        },
                        "evaluated_keys": [
                            "resource_type",
                            "networking"
                        ]
                    },
                    "code_block": [
                        [
                            16,
                            "resource \"aws_security_group\" \"this\" {\n"
                        ],
                        [
                            17,
                            "  name        = local.sg_name\n"
                        ],
                        [
                            18,
                            "  description = \"Security group \"\n"
                        ],
                        [
                            19,
                            "  vpc_id      = local.aws_vpc_id\n"
                        ],
                        [
                            20,
                            "\n"
                        ],
                        [
                            21,
                            "  ingress {\n"
                        ],
                        [
                            22,
                            "    description = \"Ingress from VPC\"\n"
                        ],
                        [
                            23,
                            "    from_port   = local.from_port\n"
                        ],
                        [
                            24,
                            "    to_port     = local.to_port\n"
                        ],
                        [
                            25,
                            "    protocol    = \"tcp\"\n"
                        ],
                        [
                            26,
                            "    cidr_blocks = local.cidr_block\n"
                        ],
                        [
                            27,
                            "  }\n"
                        ],
                        [
                            28,
                            "\n"
                        ],
                        [
                            29,
                            "  egress {\n"
                        ],
                        [
                            30,
                            "    from_port   = 0\n"
                        ],
                        [
                            31,
                            "    to_port     = 0\n"
                        ],
                        [
                            32,
                            "    protocol    = \"-1\"\n"
                        ],
                        [
                            33,
                            "    cidr_blocks = [\"0.0.0.0/0\"]\n"
                        ],
                        [
                            34,
                            "  }\n"
                        ],
                        [
                            35,
                            "\n"
                        ],
                        [
                            36,
                            "}\n"
                        ]
                    ],
                    "file_path": "/Testing_Script.tf",
                    "file_abs_path": "/github/workspace/Testing_Script.tf",
                    "repo_file_path": "/Testing_Script.tf",
                    "file_line_range": [
                        16,
                        36
                    ],
                    "resource": "aws_security_group.this",
                    "evaluations": null,
                    "check_class": "checkov.common.graph.checks_infra.base_check",
                    "fixed_definition": null,
                    "entity_tags": {},
                    "caller_file_path": null,
                    "caller_file_line_range": null,
                    "resource_address": null,
                    "severity": null,
                    "bc_category": null,
                    "benchmarks": null,
                    "description": null,
                    "short_description": null,
                    "vulnerability_details": null,
                    "connected_node": null,
                    "guideline": "https://docs.prismacloud.io/en/enterprise-edition/policy-reference/aws-policies/aws-networking-policies/ensure-that-security-groups-are-attached-to-ec2-instances-or-elastic-network-interfaces-enis",
                    "details": [],
                    "check_len": null,
                    "definition_context_file_path": "/github/workspace/Testing_Script.tf",
                    "breadcrumbs": {
                        "vpc_id": [
                            {
                                "type": "locals",
                                "name": "aws_vpc_id",
                                "path": "/github/workspace/Testing_Script.tf",
                                "module_connection": false
                            }
                        ],
                        "ingress.cidr_blocks": [
                            {
                                "type": "locals",
                                "name": "cidr_block",
                                "path": "/github/workspace/Testing_Script.tf",
                                "module_connection": false
                            }
                        ],
                        "ingress.from_port": [
                            {
                                "type": "locals",
                                "name": "from_port",
                                "path": "/github/workspace/Testing_Script.tf",
                                "module_connection": false
                            }
                        ],
                        "name": [
                            {
                                "type": "locals",
                                "name": "sg_name",
                                "path": "/github/workspace/Testing_Script.tf",
                                "module_connection": false
                            }
                        ],
                        "ingress.to_port": [
                            {
                                "type": "locals",
                                "name": "to_port",
                                "path": "/github/workspace/Testing_Script.tf",
                                "module_connection": false
                            }
                        ]
                    }
                }
            ]
        },
        "summary": {
            "passed": 4,
            "failed": 3,
            "skipped": 0,
            "parsing_errors": 0,
            "resource_count": 1,
            "checkov_version": "3.2.21"
        }
    },
    {
        "check_type": "github_actions",
        "results": {
            "failed_checks": [
                {
                    "check_id": "CKV2_GHA_1",
                    "bc_check_id": null,
                    "check_name": "Ensure top-level permissions are not set to write-all",
                    "check_result": {
                        "result": "FAILED",
                        "evaluated_keys": [
                            "permissions"
                        ]
                    },
                    "code_block": [],
                    "file_path": "/.github/workflows/IaC_Scan.yaml",
                    "file_abs_path": "/github/workspace/.github/workflows/IaC_Scan.yaml",
                    "repo_file_path": "/.github/workflows/IaC_Scan.yaml",
                    "file_line_range": [
                        0,
                        1
                    ],
                    "resource": "on(AccuKnox IaC Scan Workflow)",
                    "evaluations": null,
                    "check_class": "checkov.common.graph.checks_infra.base_check",
                    "fixed_definition": null,
                    "entity_tags": null,
                    "caller_file_path": null,
                    "caller_file_line_range": null,
                    "resource_address": null,
                    "severity": null,
                    "bc_category": null,
                    "benchmarks": null,
                    "description": null,
                    "short_description": null,
                    "vulnerability_details": null,
                    "connected_node": null,
                    "guideline": null,
                    "details": [],
                    "check_len": null,
                    "definition_context_file_path": null,
                    "triggers": [
                        [
                            "pull_request",
                            "push"
                        ]
                    ],
                    "job": [
                        ""
                    ],
                    "workflow_name": "AccuKnox IaC Scan Workflow"
                }
            ]
        },
        "summary": {
            "passed": 15,
            "failed": 1,
            "skipped": 0,
            "parsing_errors": 0,
            "resource_count": 0,
            "checkov_version": "3.2.21"
        }
    }
]
